// Jest Snapshot v1, https://goo.gl/fbAQLP

exports[`getMonthDays should return days 2019, sept 1`] = `
Array [
  "Sun Sep 01 2019 00:00:00 GMT+0100 (British Summer Time)",
  "Mon Sep 02 2019 00:00:00 GMT+0100 (British Summer Time)",
  "Tue Sep 03 2019 00:00:00 GMT+0100 (British Summer Time)",
  "Wed Sep 04 2019 00:00:00 GMT+0100 (British Summer Time)",
  "Thu Sep 05 2019 00:00:00 GMT+0100 (British Summer Time)",
  "Fri Sep 06 2019 00:00:00 GMT+0100 (British Summer Time)",
  "Sat Sep 07 2019 00:00:00 GMT+0100 (British Summer Time)",
  "Sun Sep 08 2019 00:00:00 GMT+0100 (British Summer Time)",
  "Mon Sep 09 2019 00:00:00 GMT+0100 (British Summer Time)",
  "Tue Sep 10 2019 00:00:00 GMT+0100 (British Summer Time)",
  "Wed Sep 11 2019 00:00:00 GMT+0100 (British Summer Time)",
  "Thu Sep 12 2019 00:00:00 GMT+0100 (British Summer Time)",
  "Fri Sep 13 2019 00:00:00 GMT+0100 (British Summer Time)",
  "Sat Sep 14 2019 00:00:00 GMT+0100 (British Summer Time)",
  "Sun Sep 15 2019 00:00:00 GMT+0100 (British Summer Time)",
  "Mon Sep 16 2019 00:00:00 GMT+0100 (British Summer Time)",
  "Tue Sep 17 2019 00:00:00 GMT+0100 (British Summer Time)",
  "Wed Sep 18 2019 00:00:00 GMT+0100 (British Summer Time)",
  "Thu Sep 19 2019 00:00:00 GMT+0100 (British Summer Time)",
  "Fri Sep 20 2019 00:00:00 GMT+0100 (British Summer Time)",
  "Sat Sep 21 2019 00:00:00 GMT+0100 (British Summer Time)",
  "Sun Sep 22 2019 00:00:00 GMT+0100 (British Summer Time)",
  "Mon Sep 23 2019 00:00:00 GMT+0100 (British Summer Time)",
  "Tue Sep 24 2019 00:00:00 GMT+0100 (British Summer Time)",
  "Wed Sep 25 2019 00:00:00 GMT+0100 (British Summer Time)",
  "Thu Sep 26 2019 00:00:00 GMT+0100 (British Summer Time)",
  "Fri Sep 27 2019 00:00:00 GMT+0100 (British Summer Time)",
  "Sat Sep 28 2019 00:00:00 GMT+0100 (British Summer Time)",
  "Sun Sep 29 2019 00:00:00 GMT+0100 (British Summer Time)",
  "Mon Sep 30 2019 00:00:00 GMT+0100 (British Summer Time)",
]
`;
